---
source: tests/tests/typescript.rs
expression: output
---
export type Range<T> = {
	start: T,
	end: T,
};

export type RangeInclusive<T> = {
	start: T,
	end: T,
};

export type String = string;

export type PathBuf = string;

export type IpAddr = string;

export type Ipv4Addr = string;

export type Ipv6Addr = string;

export type SocketAddr = string;

export type SocketAddrV4 = string;

export type SocketAddrV6 = string;

export type Cow<T> = T;

export type Cow<T> = T;

export type SystemTime = {
	duration_since_epoch: number,
	duration_since_unix_epoch: number,
};

export type Duration = {
	secs: number,
	nanos: number,
};

export type Vec<T> = T[];

export type Vec<T> = T[];

export type Result<T, E> = ({ Ok: T }) & { Err?: never } | ({ Err: E }) & { Ok?: never };

export type Vec<T> = T[];

export type PhantomData<T> = null;

export type PhantomData<T> = null;

export type Infallible = never;

export type Unit1 = null;

export type Unit2 = Record<string, never>;

export type Unit3 = [];

export type Unit4 = null;

export type Unit5 = "A";

export type Unit6 = { A: null };

export type Unit7 = { A: Record<string, never> };

export type SimpleStruct = {
	a: number,
	b: string,
	c: [number, string, number],
	d: string[],
	e: string | null,
};

export type TupleStruct1 = number;

export type TupleStruct3 = [number, boolean, string];

export type TestEnum = "Unit" | ({ Single: number }) & { Multiple?: never; Struct?: never } | ({ Multiple: [number, number] }) & { Single?: never; Struct?: never } | ({ Struct: {
	a: number,
} }) & { Multiple?: never; Single?: never };

export type RefStruct = TestEnum;

export type InlinerStruct = {
	inline_this: {
		ref_struct: SimpleStruct,
		val: number,
	},
	dont_inline_this: RefStruct,
};

export type GenericStruct<T> = {
	arg: T,
};

export type GenericStruct<T> = {
	arg: T,
};

export type FlattenEnumStruct = {
	outer: string,
} & (FlattenEnum);

export type OverridenStruct = {
	overriden_field: string,
};

export type HasGenericAlias = { [key in number]: string };

export type EnumMacroAttributes = ({ A: string }) & { D?: never; bbb?: never; cccc?: never } | ({ bbb: number }) & { A?: never; D?: never; cccc?: never } | ({ cccc: number }) & { A?: never; D?: never; bbb?: never } | ({ D: {
	a: string,
	bbbbbb: number,
} }) & { A?: never; bbb?: never; cccc?: never };

export type InlineEnumField = { A: PlaceholderInnerField };

export type InlineOptionalType = {
	optional_field: {
		a: string,
	} | null,
};

export type Rename = "OneWord" | "Two words";

export type TransparentType = TransparentTypeInner;

export type TransparentType2 = null;

export type TransparentTypeWithOverride = string;

export type HashMap<K, V> = { [key in K]: V };

export type Vec<T> = T[];

export type HashMap<K, V> = { [key in K]: V };

export type EnumReferenceRecordKey = {
	a: Partial<{ [key in BasicEnum]: number }>,
};

export type FlattenOnNestedEnum = {
	id: string,
} & (NestedEnum);

export type MyEmptyInput = Record<string, never>;

export type String = string;

export type ExtraBracketsInTupleVariant = { A: string };

export type ExtraBracketsInUnnamedStruct = string;

export type Vec<T> = T[];

export type InlineTuple = {
	demo: [string, boolean],
};

export type InlineTuple2 = {
	demo: [{
		demo: [string, boolean],
	}, boolean],
};

export type Box<T> = T;

export type Box<T> = T;

export type SkippedFieldWithinVariant = { type: "A"; data: null } | { type: "B"; data: string };

export type KebabCase = {
	test_ing: string,
};

export type Issue281 = {
	default_unity_arguments: string[],
};

export type LifetimeGenericStruct<T> = {
	borrowed: T[],
	owned: T[],
};

export type LifetimeGenericEnum<T> = ({ Borrowed: T }) & { Owned?: never } | ({ Owned: T }) & { Borrowed?: never };

export type RenameWithWeirdCharsField = {
	"@odata.context": string,
};

export type RenameWithWeirdCharsVariant = { "@odata.context": string };

export type RenamedFieldKeys = {
	"": string,
	"a\"b": string,
	"a\\b": string,
	"line\nbreak": string,
	"line\u2028break": string,
	"line\u2029break": string,
};

export type RenamedVariantWithSkippedPayload = { "a-b": null };

export type Type = never;

export type ActualType = {
	a: GenericType<string>,
};

export type SpectaTypeOverride = {
	string_ident: string,
	u32_ident: number,
	path: string,
	tuple: [string, number],
};

export type ContainerTypeOverrideStruct = string;

export type ContainerTypeOverrideEnum = string;

export type ContainerTypeOverrideGeneric = string;

export type ContainerTypeOverrideToGeneric<T> = T;

export type ContainerTypeOverrideTuple = [string, number];

export type ContainerTypeOverrideTupleGeneric<T> = [T, string];

export type InvalidToValidType = {
	cause: null,
};

export type TupleStruct = string;

export type TupleStructWithRep = string;

export type GenericTupleStruct<T> = T;

export type BracedStruct = string;

export type Struct = {
	t: "StructNew",
	a: string,
};

export type StructRenameAllUppercase = {
	a: number,
	b: number,
};

export type RenameSerdeSpecialChar = {
	"a/b": number,
};

export type EnumRenameAllUppercase = "HELLOWORLD" | "VARIANTB" | "TESTINGWORDS";

export type Recursive = {
	demo: Recursive,
};

export type RecursiveMapValue = {
	demo: { [key in string]: RecursiveMapValue },
};

export type RecursiveTransparent = RecursiveInline;

export type RecursiveInEnum = { A: (RecursiveInEnum) };

export type NonOptional = string | null;

export type OptionalOnNamedField = string | null;

export type OptionalOnTransparentNamedField = {
	b: string | null,
};

export type OptionalInEnum = ({ A: string | null }) & { B?: never; C?: never } | ({ B: {
	a: string | null,
} }) & { A?: never; C?: never } | ({ C: {
	a?: string | null,
} }) & { A?: never; B?: never };

export type UntaggedVariants = string | number | { id: string } | [string, boolean];

export type UntaggedVariantsWithoutValue = string | [number, string] | number;

export type UntaggedVariantsWithDuplicateBranches = null | number;

export type HashMap<K, V> = { [key in K]: V };

export type Regular = { [key in string]: null };

export type HashMap<K, V> = { [key in K]: V };

export type HashMap<K, V> = { [key in K]: V };

export type HashMap<K, V> = { [key in K]: V };

export type MacroStruct = string;

export type MacroStruct2 = {
	demo: string,
};

export type MacroEnum = ({ Demo: string }) & { Demo2?: never } | ({ Demo2: {
	demo2: string,
} }) & { Demo?: never };

/**
 * @deprecated
 */
export type DeprecatedType = {
	a: number,
};

/**
 * @deprecated Look at you big man using a deprecation message
 */
export type DeprecatedTypeWithMsg = {
	a: number,
};

/**
 * @deprecated Look at you big man using a deprecation message
 */
export type DeprecatedTypeWithMsg2 = {
	a: number,
};

export type DeprecatedFields = {
	a: number,
	/**
	 * @deprecated
	 */
	b: string,
	/**
	 * @deprecated This field is cringe!
	 */
	c: string,
	/**
	 * @deprecated This field is cringe!
	 */
	d: string,
};

export type DeprecatedTupleVariant = [
/**
 * @deprecated
 */
string, 
/**
 * @deprecated Nope
 */
string, 
/**
 * @deprecated Nope
 */
number];

export type DeprecatedEnumVariants = 
/**
 * @deprecated
 */
"A" | 
/**
 * @deprecated Nope
 */
"B" | 
/**
 * @deprecated Nope
 */
"C";

/**
 *  Some triple-slash comment
 *  Some more triple-slash comment
 */
export type CommentedStruct = {
	/**
	 *  Some triple-slash comment
	 *  Some more triple-slash comment
	 */
	a: number,
};

/**
 *  Some triple-slash comment
 *  Some more triple-slash comment
 */
export type CommentedEnum = 
/**
 *  Some triple-slash comment
 *  Some more triple-slash comment
 */
({ A: number }) & { B?: never } | 
/**
 *  Some triple-slash comment
 *  Some more triple-slash comment
 */
({ B: {
	/**
	 *  Some triple-slash comment
	 *  Some more triple-slash comment
	 */
	a: number,
} }) & { A?: never };

// Some single-line comment
export type SingleLineComment = 
// Some single-line comment
({ A: number }) & { B?: never } | 
// Some single-line comment
({ B: {
	// Some single-line comment
	a: number,
} }) & { A?: never };

export type Demo<A, B> = {
	a: A,
	b: B,
};

export type Demo<A, B> = {
	a: A,
	b: B,
};

export type Demo<A, B> = {
	a: A,
	b: B,
};

export type Demo<A, B> = {
	a: A,
	b: B,
};

export type Demo<A, B> = {
	a: A,
	b: B,
};

export type HashMap<K, V> = { [key in K]: V };

export type HashMap<K, V> = { [key in K]: V };

export type HashMap<K, V> = { [key in K]: V };

export type AGenericStruct<T> = {
	field: Demo<T, boolean>,
};

export type A = {
	a: B,
	b: {
		b: number,
	},
	c: B,
	d: {
		flattened: number,
	},
	e: {
		generic_flattened: number,
	},
};

export type DoubleFlattened = {
	a: ToBeFlattened,
	b: ToBeFlattened,
};

export type FlattenedInner = {
	c: Inner,
};

export type BoxFlattened = {
	b: BoxedInner,
};

export type BoxInline = {
	c: BoxedInner,
};

export type First = {
	a: string,
};

export type Second = {
	a: number,
};

export type Third = {
	b: { [key in string]: string },
	c: First,
} & (First);

export type Fourth = {
	a: First,
	b: {
		a: string,
	},
};

export type TagOnStructWithInline = {
	type: "TagOnStructWithInline",
	a: First,
	b: {
		a: string,
	},
};

export type Sixth = {
	a: First,
	b: First,
};

export type Seventh = {
	a: First,
	b: Second,
};

export type Eight = { A: string } | "B";

export type Tenth = string | "B" | {
	a: string,
} | First;

export type MyEnumTagged = { type: "Variant" } & (First);

export type MyEnumExternal = { Variant: (First) };

export type MyEnumAdjacent = { t: "Variant"; c: (First) };

export type MyEnumUntagged = (First);

export type EmptyStruct = Record<string, never>;

export type EmptyStructWithTag = {
	a: "EmptyStructWithTag",
};

export type AdjacentlyTagged = ({ t: "A" }) & { c?: never } | { t: "B"; c: {
	id: string,
	method: string,
} } | { t: "C"; c: string };

export type LoadProjectEvent = { event: "started"; data: {
	project_name: string,
} } | { event: "progressTest"; data: {
	project_name: string,
	status: string,
	progress: number,
} } | { event: "finished"; data: {
	project_name: string,
} };

export type ExternallyTagged = "A" | ({ B: {
	id: string,
	method: string,
} }) & { C?: never } | ({ C: string }) & { B?: never };

export type Issue221External = ({ A: {
	a: string,
} }) & { B?: never } | ({ B: {
	b: string,
} }) & { A?: never };

export type StructWithAlias = {
	field: string,
};

export type StructWithMultipleAliases = {
	field: string,
};

export type StructWithAliasAndRename = {
	renamed_field: string,
};

export type EnumWithVariantAlias = "Variant" | "Other";

export type EnumWithMultipleVariantAliases = "Variant" | "Other";

export type EnumWithVariantAliasAndRename = "renamed_variant" | "Other";

export type InternallyTaggedWithAlias = ({ type: "A"; field: string }) & { other?: never } | ({ type: "B"; other: number }) & { field?: never };

export type AdjacentlyTaggedWithAlias = { type: "A"; data: {
	field: string,
} } | { type: "B"; data: {
	other: number,
} };

export type UntaggedWithAlias = ({ field: string }) & { other?: never } | ({ other: number }) & { field?: never };

export type Issue221UntaggedSafe = ({ a: string }) & { b?: never } | ({ b: string }) & { a?: never };

export type Issue221UntaggedMixed = ({ a: string }) & { b?: never } | ({ b: string }) & { a?: never } | ({ [key in string]: string });

export type EmptyEnum = never;

export type EmptyEnumTagged = never;

export type EmptyEnumTaggedWContent = never;

export type EmptyEnumUntagged = never;

export type SkipOnlyField = Record<string, never>;

export type SkipField = {
	b: number,
};

export type TransparentWithSkip = null;

export type TransparentWithSkip2 = string;

export type TransparentWithSkip3 = string;

export type SkipStructFields = {
	a: number,
};

export type SpectaSkipNonTypeField = {
	a: number,
};

export type FlattenA = {
	a: number,
	b: number,
};

export type FlattenB = {
	c: number,
} & (FlattenA);

export type FlattenC = {
	c: number,
} & (FlattenA);

export type FlattenD = {
	a: FlattenA,
	c: number,
};

export type FlattenE = {
	b: {
		c: number,
	} & (FlattenA),
	d: number,
};

export type FlattenF = {
	b: {
		c: number,
	} & (FlattenA),
	d: number,
};

export type FlattenG = {
	b: FlattenB,
	d: number,
};

export type TupleNested = [number[], [number[], number[]], [number[], number[], number[]]];

export type Generic1<T> = {
	value: T,
	values: T[],
};

export type GenericAutoBound<T> = {
	value: T,
	values: T[],
};

export type GenericAutoBound2<T> = {
	value: T,
	values: T[],
};

export type Container1 = {
	foo: Generic1<number>,
	bar: Generic1<number>[],
	baz: { [key in string]: Generic1<string> },
};

export type Generic2<A, B, C> = ({ A: A }) & { B?: never; C?: never; D?: never; E?: never; X?: never; Y?: never; Z?: never } | ({ B: [B, B, B] }) & { A?: never; C?: never; D?: never; E?: never; X?: never; Y?: never; Z?: never } | ({ C: C[] }) & { A?: never; B?: never; D?: never; E?: never; X?: never; Y?: never; Z?: never } | ({ D: A[][][] }) & { A?: never; B?: never; C?: never; E?: never; X?: never; Y?: never; Z?: never } | ({ E: {
	a: A,
	b: B,
	c: C,
} }) & { A?: never; B?: never; C?: never; D?: never; X?: never; Y?: never; Z?: never } | ({ X: number[] }) & { A?: never; B?: never; C?: never; D?: never; E?: never; Y?: never; Z?: never } | ({ Y: number }) & { A?: never; B?: never; C?: never; D?: never; E?: never; X?: never; Z?: never } | ({ Z: number[][] }) & { A?: never; B?: never; C?: never; D?: never; E?: never; X?: never; Y?: never };

export type GenericNewType1<T> = T[][];

export type GenericTuple<T> = [T, T[], T[][]];

export type GenericStruct2<T> = {
	a: T,
	b: [T, T],
	c: [T, [T, T]],
	d: [T, T, T],
	e: [([T, T]), ([T, T]), ([T, T])],
	f: T[],
	g: T[][],
	h: ([([T, T]), ([T, T]), ([T, T])])[],
};

export type InlineGenericNewtype<T> = T;

export type InlineGenericNested<T> = [T, T[], [T, T], { [key in string]: T }, T | null, "Unit" | ({ Unnamed: T }) & { Named?: never } | ({ Named: {
	value: T,
} }) & { Unnamed?: never }];

export type InlineFlattenGenericsG<T> = {
	t: T,
};

export type InlineFlattenGenerics = {
	g: InlineFlattenGenericsG<string>,
	gi: {
		t: string,
	},
} & (InlineFlattenGenericsG<string>);

export type GenericParameterOrderPreserved = {
	pair: Pair<number, string>,
};
